---
source: tui/src/update_prompt.rs
assertion_line: 267
expression: terminal.backend()
---

  ✨ Update available! 0.146.0 -> 9.9.9

  Release notes: h                                                              
                                                     
› 1. Update now (runs `sh -c 'curl -fsSL                                        
     https://raw.githubusercontent.com/EmpiricaAI/ecodex/main/scripts/install.sh
     | bash'`)                                                                  
  2. Skip
  3. Skip until next version

  Press enter to continue
