---
source: tui/src/empty_state_animation_tests.rs
assertion_line: 244
expression: "buffer.content.chunks(usize::from(area.width)).map(|row|\nrow.iter().map(ratatui::buffer::Cell::symbol).collect::<String>().trim_end().to_owned()).collect::<Vec<_>>().join(\"\\n\")"
---

                           ⢀⣀⣀⣀⣀⣀⣀⣀⡀
             ⣿⣿⣿⣿⣿⣿⣿⣿⣿⣿⣿⣿⣿⣿⣿⣿⣿⣿⣿⣿⣿⣿⡇
             ⣿⣿⣿⣿⣿⣿⣿⣿⣿⣿⣿⣿⣿⣿⣿⣿⣿⣿⣿⣿⣿⣿⡇
             ⣿⣿⣿⣿⣿⣿⣿⣿⣿⣿⣿⣿⣿⣿⣿⣿⣿⡿⠿⠿⠿⠿⠇
             ⣿⣿⣿⣿⣿⣿⡇
             ⣿⣿⣿⣿⣿⣿⡇
             ⣿⣿⣿⣿⣿⣿⣿⣿⣿⣿⣿⣿⣿⣿⣿⣿⣿⣿⡇
             ⣿⣿⣿⣿⣿⣿⣿⣿⣿⣿⣿⣿⣿⣿⣿⣿⣿⣿⡇
             ⣿⣿⣿⣿⣿⣿⣿⣿⣿⣿⣿⣿⣿⣿⣿⣿⣿⣿⡇
             ⣿⣿⣿⣿⣿⣿⡇
             ⣿⣿⣿⣿⣿⣿⡇
             ⣿⣿⣿⣿⣿⣿⣿⣶⣶⣶⣶⣶⣶⣶⣶⣶⣶⣶⣶⣶⣶⣶⡆
             ⣿⣿⣿⣿⣿⣿⣿⣿⣿⣿⣿⣿⣿⣿⣿⣿⣿⣿⣿⣿⣿⣿⡇
             ⣿⣿⣿⣿⣿⣿⣿⣿⣿⣿⣿⣿⣿⣿⣿⣿⣿⣿⣿⣿⣿⣿⡇
                  ⠉⠉⠉⠉⠉⠉⠉⠉⠉⠉⠉⠉⠉⠉⠉⠉⠉⠁
