---
source: tui/src/app/tests.rs
assertion_line: 3751
expression: rendered
---
╭────────────────────────────────────────────────────╮
│ ∴ ecodex (v<VERSION>)  ·  turtles all the way down │
│                                                    │
│ model:     gpt-5.4 xhigh   fast   /model to change │
│ directory: /tmp/project                            │
╰────────────────────────────────────────────────────╯
