---
source: tui/src/history_cell/tests.rs
assertion_line: 1141
expression: rendered
---
╭────────────────────────────────────────────────────────────────────────────────────────────────────────────╮
│ ✨ Update available! 0.146.0 -> 9.9.9                                                                      │
│ Run sh -c 'curl -fsSL https://raw.githubusercontent.com/EmpiricaAI/ecodex/main/scripts/install.sh | bash'  │
│ to update.                                                                                                 │
│                                                                                                            │
│ See full release notes:                                                                                    │
│ https://github.com/EmpiricaAI/ecodex/releases/latest                                                       │
╰────────────────────────────────────────────────────────────────────────────────────────────────────────────╯
