---
source: tui/src/history_cell/tests.rs
assertion_line: 1501
expression: rendered
---
╭───────────────────────────────────────────────╮
│ ∴ ecodex (vtest)  ·  turtles all the way down │
│                                               │
│ model:       gpt-5   /model to change         │
│ directory:   /tmp/project                     │
│ permissions: YOLO mode                        │
╰───────────────────────────────────────────────╯
